[sinalizadorlucrativo.com.br/index.html]
[backblue.gif]
[fade.gif]
[index.html]
[sinalizadorlucrativo.com.br/feed/index.html]
[sinalizadorlucrativo.com.br/comments/feed/index.html]
[sinalizadorlucrativo.com.br/wp-json/index.html]
[sinalizadorlucrativo.com.br/wp-json/wp/v2/pages/11.json]
[sinalizadorlucrativo.com.br/xmlrpc0db0.php]
[sinalizadorlucrativo.com.br/wp-json/oembed/1.0/embed8c98.json]
[sinalizadorlucrativo.com.br/wp-json/oembed/1.0/embed4019]
[sinalizadorlucrativo.com.br/wp-content/uploads/2022/09/WhatsApp_Image_2022-08-10_at_15.09.59-removebg-preview-2-150x150.png]
[sinalizadorlucrativo.com.br/wp-content/uploads/2022/09/WhatsApp_Image_2022-08-10_at_15.09.59-removebg-preview-2.png]
[ajax.googleapis.com/ajax/libs/jquery/3.5.1/jquery.min.js]
[sinalizadorlucrativo.com.br/wp-content/uploads/2022/09/11-1024x143.png]
[images.converteai.net/bc03b72f-aa88-47cb-8f7b-caaba7c4190f/players/630c012e3ca310000a3d66c7/thumbnail.jpg]
[scripts.converteai.net/bc03b72f-aa88-47cb-8f7b-caaba7c4190f/players/630c012e3ca310000a3d66c7/player.js]
[sinalizadorlucrativo.com.br/wp-content/uploads/2022/09/screencapture-alanysiqueira-br-a1-2022-09-12-11_58_17-750x1024.jpg]
[sinalizadorlucrativo.com.br/wp-content/uploads/2022/09/screencapture-alanysiqueira-br-a2-2022-09-12-09_52_36-736x1024.jpg]
[sinalizadorlucrativo.com.br/wp-content/uploads/2022/09/screencapture-alanysiqueira-br-a3-2022-09-12-09_52_25-663x1024.jpg]
[sinalizadorlucrativo.com.br/wp-content/uploads/2022/09/screencapture-alanysiqueira-br-a4-2022-09-12-11_52_22-757x1024.jpg]
[sinalizadorlucrativo.com.br/wp-content/uploads/2022/09/ceel.png]
[sinalizadorlucrativo.com.br/wp-content/uploads/2022/09/lapt-1-1.png]
[sinalizadorlucrativo.com.br/wp-content/uploads/2022/09/222.png]
[sinalizadorlucrativo.com.br/wp-content/uploads/2022/09/sss.png]
[sinalizadorlucrativo.com.br/wp-content/uploads/2022/09/DSDS.png]
[sinalizadorlucrativo.com.br/wp-content/uploads/2022/09/dsf.png]
[sinalizadorlucrativo.com.br/wp-content/uploads/2022/09/sQAASS.png]
[sinalizadorlucrativo.com.br/wp-content/uploads/2022/09/ss.png]
[sinalizadorlucrativo.com.br/wp-content/uploads/2022/09/selo-7dias-roxo.png]
[sinalizadorlucrativo.com.br/wp-content/uploads/2022/09/ssl-1.jpg]
[sinalizadorlucrativo.com.br/wp-content/plugins/elementor-pro/assets/js/webpack-pro.runtime.min3430.js]
[sinalizadorlucrativo.com.br/wp-content/plugins/elementor/assets/js/webpack.runtime.minf6c4.js]
[sinalizadorlucrativo.com.br/wp-includes/js/jquery/jquery.mina7a0.js]
[sinalizadorlucrativo.com.br/wp-includes/js/jquery/jquery-migrate.mind617.js]
[sinalizadorlucrativo.com.br/wp-content/plugins/elementor/assets/js/frontend-modules.minf6c4.js]
[sinalizadorlucrativo.com.br/wp-includes/js/dist/vendor/regenerator-runtime.min3937.js]
[sinalizadorlucrativo.com.br/wp-includes/js/dist/vendor/wp-polyfill.min2c7c.js]
[sinalizadorlucrativo.com.br/wp-includes/js/dist/hooks.min6c65.js]
[sinalizadorlucrativo.com.br/wp-includes/js/dist/i18n.mine57b.js]
[sinalizadorlucrativo.com.br/wp-content/plugins/elementor-pro/assets/js/frontend.min3430.js]
[sinalizadorlucrativo.com.br/wp-content/plugins/elementor/assets/lib/waypoints/waypoints.min05da.js]
[sinalizadorlucrativo.com.br/wp-includes/js/jquery/ui/core.min3f14.js]
[sinalizadorlucrativo.com.br/wp-content/plugins/elementor/assets/lib/swiper/swiper.min48f5.js]
[sinalizadorlucrativo.com.br/wp-content/plugins/elementor/assets/lib/share-link/share-link.minf6c4.js]
[sinalizadorlucrativo.com.br/wp-content/plugins/elementor/assets/lib/dialog/dialog.mind227.js]
[sinalizadorlucrativo.com.br/wp-content/plugins/elementor/assets/js/frontend.minf6c4.js]
[sinalizadorlucrativo.com.br/wp-content/plugins/elementor-pro/assets/js/preloaded-elements-handlers.min3430.js]
[sinalizadorlucrativo.com.br/wp-content/plugins/elementor/assets/js/preloaded-modules.minf6c4.js]
[sinalizadorlucrativo.com.br/wp-content/plugins/elementor-pro/assets/lib/sticky/jquery.sticky.min3430.js]
[sinalizadorlucrativo.com.br/index.html]
[sinalizadorlucrativo.com.br/wp-includes/css/dist/block-library/style.min6a4d.css]
[sinalizadorlucrativo.com.br/wp-includes/css/classic-themes.min68b3.css]
[sinalizadorlucrativo.com.br/wp-content/themes/hello-elementor/style.minc141.css]
[sinalizadorlucrativo.com.br/wp-content/themes/hello-elementor/theme.minc141.css]
[sinalizadorlucrativo.com.br/wp-content/plugins/elementor/assets/lib/eicons/fonts/eicons1075.eot]
[sinalizadorlucrativo.com.br/wp-content/plugins/elementor/assets/lib/eicons/fonts/eicons1075.woff2]
[sinalizadorlucrativo.com.br/wp-content/plugins/elementor/assets/lib/eicons/fonts/eicons1075.woff]
[sinalizadorlucrativo.com.br/wp-content/plugins/elementor/assets/lib/eicons/fonts/eicons1075.ttf]
[sinalizadorlucrativo.com.br/wp-content/cache/min/1/wp-content/plugins/elementor/assets/lib/eicons/css/elementor-icons.min30de.css]
[sinalizadorlucrativo.com.br/wp-content/plugins/elementor/assets/css/frontend-legacy.minf6c4.css]
[sinalizadorlucrativo.com.br/wp-content/plugins/elementor/assets/css/frontend.minf6c4.css]
[sinalizadorlucrativo.com.br/wp-content/uploads/elementor/css/post-621d2.css]
[sinalizadorlucrativo.com.br/wp-content/plugins/elementor-pro/assets/css/frontend.min3430.css]
[sinalizadorlucrativo.com.br/wp-content/uploads/elementor/css/globalcf1b.css]
[sinalizadorlucrativo.com.br/wp-content/uploads/2022/09/play-premiado-background.jpg]
[sinalizadorlucrativo.com.br/wp-content/uploads/2022/09/Untitled-1.jpg]
[sinalizadorlucrativo.com.br/wp-content/uploads/elementor/css/post-115c61.css]
[sinalizadorlucrativo.com.br/wp-content/plugins/elementor/assets/lib/font-awesome/css/fontawesome.min52d5.css]
[sinalizadorlucrativo.com.br/wp-content/plugins/elementor/assets/lib/font-awesome/webfonts/fa-solid-900.eot]
[sinalizadorlucrativo.com.br/wp-content/plugins/elementor/assets/lib/font-awesome/webfonts/fa-solid-900d41d.eot]
[sinalizadorlucrativo.com.br/wp-content/plugins/elementor/assets/lib/font-awesome/webfonts/fa-solid-900.woff2]
[sinalizadorlucrativo.com.br/wp-content/plugins/elementor/assets/lib/font-awesome/webfonts/fa-solid-900.woff]
[sinalizadorlucrativo.com.br/wp-content/plugins/elementor/assets/lib/font-awesome/webfonts/fa-solid-900.ttf]
[sinalizadorlucrativo.com.br/wp-content/cache/min/1/wp-content/plugins/elementor/assets/lib/font-awesome/css/solid.mindbe6.css]
[sinalizadorlucrativo.com.br/wp-includes/wlwmanifest.html]
[sinalizadorlucrativo.com.br/wp-content/plugins/elementor/assets/lib/animations/animations.minf6c4.css]
[sinalizadorlucrativo.com.br/wp-content/plugins/elementor/assets/lib/eicons/fonts/eicons1075.svg]
[sinalizadorlucrativo.com.br/wp-content/plugins/elementor/assets/lib/font-awesome/webfonts/fa-solid-900.svg]
